nohup: ignoring input
usage: run_lsm_xor_mnist.py [-h]
                            [--tasks {xor,mnist,add_b2,add_b3,add_b5,add_b7,add_b10} [{xor,mnist,add_b2,add_b3,add_b5,add_b7,add_b10} ...]]
                            [--seeds SEEDS [SEEDS ...]]
                            [--side {all,cvx,non_cvx}] [--ckpt_dir CKPT_DIR]
                            [--beta_leak_grid BETA_LEAK_GRID [BETA_LEAK_GRID ...]]
                            [--threshold_grid THRESHOLD_GRID [THRESHOLD_GRID ...]]
                            [--input_scale_grid INPUT_SCALE_GRID [INPUT_SCALE_GRID ...]]
                            [--probe_subsample PROBE_SUBSAMPLE]
                            [--ridge_lambdas RIDGE_LAMBDAS [RIDGE_LAMBDAS ...]]
                            [--r_cvx] [--cvx_method {cvx,cvx_lite,sgd}]
                            [--cvx_ovr_workers CVX_OVR_WORKERS]
                            [--cvx_beta_grid CVX_BETA_GRID [CVX_BETA_GRID ...]]
                            [--cvx_bias_grid CVX_BIAS_GRID [CVX_BIAS_GRID ...]]
                            [--cvx_ce_dual] [--lite_max_iter LITE_MAX_ITER]
                            [--lite_tol LITE_TOL]
                            [--reservoir_variant {standard,normalized,orthogonal}]
                            [--last_layer_readout {membrane,spike}] [--debug]
                            [--out_root OUT_ROOT]
run_lsm_xor_mnist.py: error: unrecognized arguments: --T 56 --L 3
